[aqross.app/favicons/apple-touch-icon.png]
[aqross.app/favicons/favicon-32x32.png]
[aqross.app/favicons/favicon-16x16.png]
[aqross.app/favicons/site.webmanifest]
[aqross.app/favicons/favicon.ico]
[aqross.app/favicons/browserconfig.xml]
[backblue.gif]
[fade.gif]
[index.html]
[aqross.app/js/all.js]
[aqross.app/images/send_pixel.png]
[aqross.app/images/receive_pixel.png]
[aqross.app/images/info.png]
[aqross.app/images/camera_simple.png]
[cdn.ko-fi.com/cdn/kofi330f4.png]
[aqross.app/index.html]
[aqross.app/favicons/safari-pinned-tab.svg]
[aqross.app/webfonts/fa-brands-400.eot]
[aqross.app/webfonts/fa-brands-400d41d.eot]
[aqross.app/webfonts/fa-brands-400.woff2]
[aqross.app/webfonts/fa-brands-400.woff]
[aqross.app/webfonts/fa-brands-400.ttf]
[aqross.app/webfonts/fa-regular-400.eot]
[aqross.app/webfonts/fa-regular-400d41d.eot]
[aqross.app/webfonts/fa-regular-400.woff2]
[aqross.app/webfonts/fa-regular-400.woff]
[aqross.app/webfonts/fa-regular-400.ttf]
[aqross.app/webfonts/fa-solid-900.eot]
[aqross.app/webfonts/fa-solid-900d41d.eot]
[aqross.app/webfonts/fa-solid-900.woff2]
[aqross.app/webfonts/fa-solid-900.woff]
[aqross.app/webfonts/fa-solid-900.ttf]
[aqross.app/css/all.css]
[aqross.app/images/EU.svg]
[aqross.app/images/default.gif]
[aqross.app/images/back.png]
[aqross.app/js/qrcode.js]
[aqross.app/send/index.html]
[aqross.app/js/swipe.js]
[aqross.app/images/creating.png]
[aqross.app/images/notfound.png]
[aqross.app/receive/index.html]
[aqross.app/code/index.html]
[aqross.app/webfonts/fa-brands-400.svg]
[aqross.app/webfonts/fa-regular-400.svg]
[aqross.app/webfonts/fa-solid-900.svg]
[aqross.app/images/ebook.png]
[aqross.app/images/3d.gif]
[aqross.app/images/video0.png]
[aqross.app/multisend/index.html]
[aqross.app/send/post.html]
[aqross.app/multireceive/index.html]
[aqross.app/multisend/post.html]
